Archive member included to satisfy reference by file (symbol)

C:/ST/STM32CubeIDE_1.15.1/STM32CubeIDE/plugins/com.st.stm32cube.ide.mcu.externaltools.gnu-tools-for-stm32.12.3.rel1.win32_1.0.100.202403111256/tools/bin/../lib/gcc/arm-none-eabi/12.3.1/../../../../arm-none-eabi/lib/thumb/v7e-m+fp/hard\libc_nano.a(libc_a-exit.o)
                              C:/ST/STM32CubeIDE_1.15.1/STM32CubeIDE/plugins/com.st.stm32cube.ide.mcu.externaltools.gnu-tools-for-stm32.12.3.rel1.win32_1.0.100.202403111256/tools/bin/../lib/gcc/arm-none-eabi/12.3.1/../../../../arm-none-eabi/lib/thumb/v7e-m+fp/hard/crt0.o (exit)
C:/ST/STM32CubeIDE_1.15.1/STM32CubeIDE/plugins/com.st.stm32cube.ide.mcu.externaltools.gnu-tools-for-stm32.12.3.rel1.win32_1.0.100.202403111256/tools/bin/../lib/gcc/arm-none-eabi/12.3.1/../../../../arm-none-eabi/lib/thumb/v7e-m+fp/hard\libc_nano.a(libc_a-findfp.o)
                              C:/ST/STM32CubeIDE_1.15.1/STM32CubeIDE/plugins/com.st.stm32cube.ide.mcu.externaltools.gnu-tools-for-stm32.12.3.rel1.win32_1.0.100.202403111256/tools/bin/../lib/gcc/arm-none-eabi/12.3.1/../../../../arm-none-eabi/lib/thumb/v7e-m+fp/hard\libc_nano.a(libc_a-exit.o) (__stdio_exit_handler)
C:/ST/STM32CubeIDE_1.15.1/STM32CubeIDE/plugins/com.st.stm32cube.ide.mcu.externaltools.gnu-tools-for-stm32.12.3.rel1.win32_1.0.100.202403111256/tools/bin/../lib/gcc/arm-none-eabi/12.3.1/../../../../arm-none-eabi/lib/thumb/v7e-m+fp/hard\libc_nano.a(libc_a-fwalk.o)
                              C:/ST/STM32CubeIDE_1.15.1/STM32CubeIDE/plugins/com.st.stm32cube.ide.mcu.externaltools.gnu-tools-for-stm32.12.3.rel1.win32_1.0.100.202403111256/tools/bin/../lib/gcc/arm-none-eabi/12.3.1/../../../../arm-none-eabi/lib/thumb/v7e-m+fp/hard\libc_nano.a(libc_a-findfp.o) (_fwalk_sglue)
C:/ST/STM32CubeIDE_1.15.1/STM32CubeIDE/plugins/com.st.stm32cube.ide.mcu.externaltools.gnu-tools-for-stm32.12.3.rel1.win32_1.0.100.202403111256/tools/bin/../lib/gcc/arm-none-eabi/12.3.1/../../../../arm-none-eabi/lib/thumb/v7e-m+fp/hard\libc_nano.a(libc_a-stdio.o)
                              C:/ST/STM32CubeIDE_1.15.1/STM32CubeIDE/plugins/com.st.stm32cube.ide.mcu.externaltools.gnu-tools-for-stm32.12.3.rel1.win32_1.0.100.202403111256/tools/bin/../lib/gcc/arm-none-eabi/12.3.1/../../../../arm-none-eabi/lib/thumb/v7e-m+fp/hard\libc_nano.a(libc_a-findfp.o) (__sread)
C:/ST/STM32CubeIDE_1.15.1/STM32CubeIDE/plugins/com.st.stm32cube.ide.mcu.externaltools.gnu-tools-for-stm32.12.3.rel1.win32_1.0.100.202403111256/tools/bin/../lib/gcc/arm-none-eabi/12.3.1/../../../../arm-none-eabi/lib/thumb/v7e-m+fp/hard\libc_nano.a(libc_a-memset.o)
                              C:/ST/STM32CubeIDE_1.15.1/STM32CubeIDE/plugins/com.st.stm32cube.ide.mcu.externaltools.gnu-tools-for-stm32.12.3.rel1.win32_1.0.100.202403111256/tools/bin/../lib/gcc/arm-none-eabi/12.3.1/../../../../arm-none-eabi/lib/thumb/v7e-m+fp/hard/crt0.o (memset)
C:/ST/STM32CubeIDE_1.15.1/STM32CubeIDE/plugins/com.st.stm32cube.ide.mcu.externaltools.gnu-tools-for-stm32.12.3.rel1.win32_1.0.100.202403111256/tools/bin/../lib/gcc/arm-none-eabi/12.3.1/../../../../arm-none-eabi/lib/thumb/v7e-m+fp/hard\libc_nano.a(libc_a-closer.o)
                              C:/ST/STM32CubeIDE_1.15.1/STM32CubeIDE/plugins/com.st.stm32cube.ide.mcu.externaltools.gnu-tools-for-stm32.12.3.rel1.win32_1.0.100.202403111256/tools/bin/../lib/gcc/arm-none-eabi/12.3.1/../../../../arm-none-eabi/lib/thumb/v7e-m+fp/hard\libc_nano.a(libc_a-stdio.o) (_close_r)
C:/ST/STM32CubeIDE_1.15.1/STM32CubeIDE/plugins/com.st.stm32cube.ide.mcu.externaltools.gnu-tools-for-stm32.12.3.rel1.win32_1.0.100.202403111256/tools/bin/../lib/gcc/arm-none-eabi/12.3.1/../../../../arm-none-eabi/lib/thumb/v7e-m+fp/hard\libc_nano.a(libc_a-reent.o)
                              C:/ST/STM32CubeIDE_1.15.1/STM32CubeIDE/plugins/com.st.stm32cube.ide.mcu.externaltools.gnu-tools-for-stm32.12.3.rel1.win32_1.0.100.202403111256/tools/bin/../lib/gcc/arm-none-eabi/12.3.1/../../../../arm-none-eabi/lib/thumb/v7e-m+fp/hard\libc_nano.a(libc_a-closer.o) (errno)
C:/ST/STM32CubeIDE_1.15.1/STM32CubeIDE/plugins/com.st.stm32cube.ide.mcu.externaltools.gnu-tools-for-stm32.12.3.rel1.win32_1.0.100.202403111256/tools/bin/../lib/gcc/arm-none-eabi/12.3.1/../../../../arm-none-eabi/lib/thumb/v7e-m+fp/hard\libc_nano.a(libc_a-impure.o)
                              C:/ST/STM32CubeIDE_1.15.1/STM32CubeIDE/plugins/com.st.stm32cube.ide.mcu.externaltools.gnu-tools-for-stm32.12.3.rel1.win32_1.0.100.202403111256/tools/bin/../lib/gcc/arm-none-eabi/12.3.1/../../../../arm-none-eabi/lib/thumb/v7e-m+fp/hard\libc_nano.a(libc_a-reent.o) (_impure_ptr)
C:/ST/STM32CubeIDE_1.15.1/STM32CubeIDE/plugins/com.st.stm32cube.ide.mcu.externaltools.gnu-tools-for-stm32.12.3.rel1.win32_1.0.100.202403111256/tools/bin/../lib/gcc/arm-none-eabi/12.3.1/../../../../arm-none-eabi/lib/thumb/v7e-m+fp/hard\libc_nano.a(libc_a-lseekr.o)
[...]
Memory Configuration

Name             Origin             Length             Attributes
RAM              0x20000000         0x0001c000         xrw
FLASH            0x08000000         0x00080000         xr
*default*        0x00000000         0xffffffff

Linker script and memory map

LOAD C:/ST/STM32CubeIDE_1.15.1/STM32CubeIDE/plugins/com.st.stm32cube.ide.mcu.externaltools.gnu-tools-for-stm32.12.3.rel1.win32_1.0.100.202403111256/tools/bin/../lib/gcc/arm-none-eabi/12.3.1/thumb/v7e-m+fp/hard/crti.o
LOAD C:/ST/STM32CubeIDE_1.15.1/STM32CubeIDE/plugins/com.st.stm32cube.ide.mcu.externaltools.gnu-tools-for-stm32.12.3.rel1.win32_1.0.100.202403111256/tools/bin/../lib/gcc/arm-none-eabi/12.3.1/thumb/v7e-m+fp/hard/crtbegin.o
LOAD C:/ST/STM32CubeIDE_1.15.1/STM32CubeIDE/plugins/com.st.stm32cube.ide.mcu.externaltools.gnu-tools-for-stm32.12.3.rel1.win32_1.0.100.202403111256/tools/bin/../lib/gcc/arm-none-eabi/12.3.1/../../../../arm-none-eabi/lib/thumb/v7e-m+fp/hard/crt0.o
LOAD ./Core/Src/main.o
LOAD ./Core/Src/stm32g4xx_hal_msp.o
LOAD ./Core/Src/stm32g4xx_it.o
LOAD ./Core/Src/syscalls.o
LOAD ./Core/Src/sysmem.o
LOAD ./Core/Src/system_stm32g4xx.o
LOAD ./Core/Startup/startup_stm32g491retx.o
LOAD ./Drivers/STM32G4xx_HAL_Driver/Src/stm32g4xx_hal.o
LOAD ./Drivers/STM32G4xx_HAL_Driver/Src/stm32g4xx_hal_cortex.o
LOAD ./Drivers/STM32G4xx_HAL_Driver/Src/stm32g4xx_hal_dac.o
LOAD ./Drivers/STM32G4xx_HAL_Driver/Src/stm32g4xx_hal_dac_ex.o
LOAD ./Drivers/STM32G4xx_HAL_Driver/Src/stm32g4xx_hal_dma.o
LOAD ./Drivers/STM32G4xx_HAL_Driver/Src/stm32g4xx_hal_dma_ex.o
LOAD ./Drivers/STM32G4xx_HAL_Driver/Src/stm32g4xx_hal_exti.o
LOAD ./Drivers/STM32G4xx_HAL_Driver/Src/stm32g4xx_hal_flash.o
LOAD ./Drivers/STM32G4xx_HAL_Driver/Src/stm32g4xx_hal_flash_ex.o
LOAD ./Drivers/STM32G4xx_HAL_Driver/Src/stm32g4xx_hal_flash_ramfunc.o
LOAD ./Drivers/STM32G4xx_HAL_Driver/Src/stm32g4xx_hal_gpio.o
LOAD ./Drivers/STM32G4xx_HAL_Driver/Src/stm32g4xx_hal_pwr.o
LOAD ./Drivers/STM32G4xx_HAL_Driver/Src/stm32g4xx_hal_pwr_ex.o
LOAD ./Drivers/STM32G4xx_HAL_Driver/Src/stm32g4xx_hal_rcc.o
LOAD ./Drivers/STM32G4xx_HAL_Driver/Src/stm32g4xx_hal_rcc_ex.o
LOAD ./Drivers/STM32G4xx_HAL_Driver/Src/stm32g4xx_hal_tim.o
LOAD ./Drivers/STM32G4xx_HAL_Driver/Src/stm32g4xx_hal_tim_ex.o
LOAD ./Drivers/STM32G4xx_HAL_Driver/Src/stm32g4xx_hal_uart.o
LOAD ./Drivers/STM32G4xx_HAL_Driver/Src/stm32g4xx_hal_uart_ex.o
START GROUP
LOAD C:/ST/STM32CubeIDE_1.15.1/STM32CubeIDE/plugins/com.st.stm32cube.ide.mcu.externaltools.gnu-tools-for-stm32.12.3.rel1.win32_1.0.100.202403111256/tools/bin/../lib/gcc/arm-none-eabi/12.3.1/../../../../arm-none-eabi/lib/thumb/v7e-m+fp/hard\libc_nano.a
LOAD C:/ST/STM32CubeIDE_1.15.1/STM32CubeIDE/plugins/com.st.stm32cube.ide.mcu.externaltools.gnu-tools-for-stm32.12.3.rel1.win32_1.0.100.202403111256/tools/bin/../lib/gcc/arm-none-eabi/12.3.1/../../../../arm-none-eabi/lib/thumb/v7e-m+fp/hard\libm.a
END GROUP
START GROUP
LOAD C:/ST/STM32CubeIDE_1.15.1/STM32CubeIDE/plugins/com.st.stm32cube.ide.mcu.externaltools.gnu-tools-for-stm32.12.3.rel1.win32_1.0.100.202403111256/tools/bin/../lib/gcc/arm-none-eabi/12.3.1/thumb/v7e-m+fp/hard\libgcc.a
LOAD C:/ST/STM32CubeIDE_1.15.1/STM32CubeIDE/plugins/com.st.stm32cube.ide.mcu.externaltools.gnu-tools-for-stm32.12.3.rel1.win32_1.0.100.202403111256/tools/bin/../lib/gcc/arm-none-eabi/12.3.1/../../../../arm-none-eabi/lib/thumb/v7e-m+fp/hard\libc_nano.a
END GROUP
START GROUP
LOAD C:/ST/STM32CubeIDE_1.15.1/STM32CubeIDE/plugins/com.st.stm32cube.ide.mcu.externaltools.gnu-tools-for-stm32.12.3.rel1.win32_1.0.100.202403111256/tools/bin/../lib/gcc/arm-none-eabi/12.3.1/thumb/v7e-m+fp/hard\libgcc.a
LOAD C:/ST/STM32CubeIDE_1.15.1/STM32CubeIDE/plugins/com.st.stm32cube.ide.mcu.externaltools.gnu-tools-for-stm32.12.3.rel1.win32_1.0.100.202403111256/tools/bin/../lib/gcc/arm-none-eabi/12.3.1/../../../../arm-none-eabi/lib/thumb/v7e-m+fp/hard\libc_nano.a
LOAD C:/ST/STM32CubeIDE_1.15.1/STM32CubeIDE/plugins/com.st.stm32cube.ide.mcu.externaltools.gnu-tools-for-stm32.12.3.rel1.win32_1.0.100.202403111256/tools/bin/../lib/gcc/arm-none-eabi/12.3.1/../../../../arm-none-eabi/lib/thumb/v7e-m+fp/hard\libnosys.a
END GROUP
START GROUP
LOAD C:/ST/STM32CubeIDE_1.15.1/STM32CubeIDE/plugins/com.st.stm32cube.ide.mcu.externaltools.gnu-tools-for-stm32.12.3.rel1.win32_1.0.100.202403111256/tools/bin/../lib/gcc/arm-none-eabi/12.3.1/thumb/v7e-m+fp/hard\libgcc.a
LOAD C:/ST/STM32CubeIDE_1.15.1/STM32CubeIDE/plugins/com.st.stm32cube.ide.mcu.externaltools.gnu-tools-for-stm32.12.3.rel1.win32_1.0.100.202403111256/tools/bin/../lib/gcc/arm-none-eabi/12.3.1/../../../../arm-none-eabi/lib/thumb/v7e-m+fp/hard\libc_nano.a
LOAD C:/ST/STM32CubeIDE_1.15.1/STM32CubeIDE/plugins/com.st.stm32cube.ide.mcu.externaltools.gnu-tools-for-stm32.12.3.rel1.win32_1.0.100.202403111256/tools/bin/../lib/gcc/arm-none-eabi/12.3.1/../../../../arm-none-eabi/lib/thumb/v7e-m+fp/hard\libnosys.a
END GROUP
LOAD C:/ST/STM32CubeIDE_1.15.1/STM32CubeIDE/plugins/com.st.stm32cube.ide.mcu.externaltools.gnu-tools-for-stm32.12.3.rel1.win32_1.0.100.202403111256/tools/bin/../lib/gcc/arm-none-eabi/12.3.1/thumb/v7e-m+fp/hard/crtend.o
LOAD C:/ST/STM32CubeIDE_1.15.1/STM32CubeIDE/plugins/com.st.stm32cube.ide.mcu.externaltools.gnu-tools-for-stm32.12.3.rel1.win32_1.0.100.202403111256/tools/bin/../lib/gcc/arm-none-eabi/12.3.1/thumb/v7e-m+fp/hard/crtn.o
                0x2001c000                        _estack = (ORIGIN (RAM) + LENGTH (RAM))
                0x00000200                        _Min_Heap_Size = 0x200
                0x00000400                        _Min_Stack_Size = 0x400

.isr_vector     0x08000000      0x1d8
                0x08000000                        . = ALIGN (0x4)
 *(.isr_vector)
 .isr_vector    0x08000000      0x1d8 ./Core/Startup/startup_stm32g491retx.o
                0x08000000                g_pfnVectors
                0x080001d8                        . = ALIGN (0x4)

.text           0x080001d8     0x3af0
                0x080001d8                        . = ALIGN (0x4)
 *(.text)
 .text          0x080001d8       0x40 C:/ST/STM32CubeIDE_1.15.1/STM32CubeIDE/plugins/com.st.stm32cube.ide.mcu.externaltools.gnu-tools-for-stm32.12.3.rel1.win32_1.0.100.202403111256/tools/bin/../lib/gcc/arm-none-eabi/12.3.1/thumb/v7e-m+fp/hard/crtbegin.o
 .text          0x08000218       0x30 C:/ST/STM32CubeIDE_1.15.1/STM32CubeIDE/plugins/com.st.stm32cube.ide.mcu.externaltools.gnu-tools-for-stm32.12.3.rel1.win32_1.0.100.202403111256/tools/bin/../lib/gcc/arm-none-eabi/12.3.1/thumb/v7e-m+fp/hard\libgcc.a(_aeabi_uldivmod.o)
                0x08000218                __aeabi_uldivmod
 .text          0x08000248      0x2bc C:/ST/STM32CubeIDE_1.15.1/STM32CubeIDE/plugins/com.st.stm32cube.ide.mcu.externaltools.gnu-tools-for-stm32.12.3.rel1.win32_1.0.100.202403111256/tools/bin/../lib/gcc/arm-none-eabi/12.3.1/thumb/v7e-m+fp/hard\libgcc.a(_udivmoddi4.o)
                0x08000248                __udivmoddi4
 .text          0x08000504        0x4 C:/ST/STM32CubeIDE_1.15.1/STM32CubeIDE/plugins/com.st.stm32cube.ide.mcu.externaltools.gnu-tools-for-stm32.12.3.rel1.win32_1.0.100.202403111256/tools/bin/../lib/gcc/arm-none-eabi/12.3.1/thumb/v7e-m+fp/hard\libgcc.a(_dvmd_tls.o)
                0x08000504                __aeabi_idiv0
                0x08000504                __aeabi_ldiv0
 *(.text*)
 .text.main     0x08000508       0xc4 ./Core/Src/main.o
                0x08000508                main
 .text.SystemClock_Config
                0x080005cc       0x94 ./Core/Src/main.o
                0x080005cc                SystemClock_Config
 .text.MX_DAC1_Init
                0x08000660       0x74 ./Core/Src/main.o
 .text.MX_LPUART1_UART_Init
                0x080006d4       0x94 ./Core/Src/main.o
 .text.MX_USART1_UART_Init
                0x08000768       0x98 ./Core/Src/main.o
 .text.MX_TIM16_Init
                0x08000800       0x4c ./Core/Src/main.o
 .text.MX_GPIO_Init
                0x0800084c       0xdc ./Core/Src/main.o
 .text.HAL_TIM_PeriodElapsedCallback
                0x08000928       0x6c ./Core/Src/main.o
                0x08000928                HAL_TIM_PeriodElapsedCallback
 .text.Error_Handler
                0x08000994        0xc ./Core/Src/main.o
                0x08000994                Error_Handler
 .text.HAL_MspInit
                0x080009a0       0x48 ./Core/Src/stm32g4xx_hal_msp.o
                0x080009a0                HAL_MspInit
 .text.HAL_DAC_MspInit
                0x080009e8       0x7c ./Core/Src/stm32g4xx_hal_msp.o
                0x080009e8                HAL_DAC_MspInit
 .text.HAL_UART_MspInit
                0x08000a64      0x130 ./Core/Src/stm32g4xx_hal_msp.o
                0x08000a64                HAL_UART_MspInit
 .text.HAL_TIM_Base_MspInit
                0x08000b94       0x4c ./Core/Src/stm32g4xx_hal_msp.o
                0x08000b94                HAL_TIM_Base_MspInit
 .text.NMI_Handler
                0x08000be0        0x8 ./Core/Src/stm32g4xx_it.o
                0x08000be0                NMI_Handler
 .text.HardFault_Handler
                0x08000be8        0x8 ./Core/Src/stm32g4xx_it.o
                0x08000be8                HardFault_Handler
 .text.MemManage_Handler
                0x08000bf0        0x8 ./Core/Src/stm32g4xx_it.o
                0x08000bf0                MemManage_Handler
 .text.BusFault_Handler
                0x08000bf8        0x8 ./Core/Src/stm32g4xx_it.o
                0x08000bf8                BusFault_Handler
 .text.UsageFault_Handler
                0x08000c00        0x8 ./Core/Src/stm32g4xx_it.o
                0x08000c00                UsageFault_Handler
 .text.SVC_Handler
                0x08000c08        0xe ./Core/Src/stm32g4xx_it.o
                0x08000c08                SVC_Handler
 .text.DebugMon_Handler
                0x08000c16        0xe ./Core/Src/stm32g4xx_it.o
                0x08000c16                DebugMon_Handler
 .text.PendSV_Handler
                0x08000c24        0xe ./Core/Src/stm32g4xx_it.o
                0x08000c24                PendSV_Handler
 .text.SysTick_Handler
                0x08000c32        0xc ./Core/Src/stm32g4xx_it.o
                0x08000c32                SysTick_Handler
 *fill*         0x08000c3e        0x2 
 .text.TIM1_UP_TIM16_IRQHandler
                0x08000c40       0x14 ./Core/Src/stm32g4xx_it.o
                0x08000c40                TIM1_UP_TIM16_IRQHandler
 .text.EXTI15_10_IRQHandler
                0x08000c54       0x10 ./Core/Src/stm32g4xx_it.o
                0x08000c54                EXTI15_10_IRQHandler
 .text.SystemInit
                0x08000c64       0x24 ./Core/Src/system_stm32g4xx.o
                0x08000c64                SystemInit
 .text.Reset_Handler
                0x08000c88       0x50 ./Core/Startup/startup_stm32g491retx.o
                0x08000c88                Reset_Handler
 .text.Default_Handler
                0x08000cd8        0x2 ./Core/Startup/startup_stm32g491retx.o
                0x08000cd8                RTC_Alarm_IRQHandler
                0x08000cd8                EXTI2_IRQHandler
                0x08000cd8                TIM8_TRG_COM_IRQHandler
                0x08000cd8                TIM8_CC_IRQHandler
                0x08000cd8                TIM1_CC_IRQHandler
                0x08000cd8                USB_HP_IRQHandler
                0x08000cd8                CORDIC_IRQHandler
                0x08000cd8                DMA2_Channel8_IRQHandler
                0x08000cd8                EXTI3_IRQHandler
                0x08000cd8                I2C3_ER_IRQHandler
                0x08000cd8                EXTI0_IRQHandler
                0x08000cd8                I2C2_EV_IRQHandler
                0x08000cd8                FPU_IRQHandler
                0x08000cd8                FDCAN1_IT1_IRQHandler
                0x08000cd8                ADC1_2_IRQHandler
                0x08000cd8                SPI1_IRQHandler
                0x08000cd8                TIM6_DAC_IRQHandler
                0x08000cd8                TIM8_UP_IRQHandler
                0x08000cd8                DMA2_Channel2_IRQHandler
                0x08000cd8                DMA1_Channel4_IRQHandler
                0x08000cd8                TIM20_TRG_COM_IRQHandler
                0x08000cd8                USART3_IRQHandler
                0x08000cd8                DMA1_Channel7_IRQHandler
                0x08000cd8                UART5_IRQHandler
                0x08000cd8                ADC3_IRQHandler
                0x08000cd8                TIM4_IRQHandler
                0x08000cd8                DMA2_Channel1_IRQHandler
                0x08000cd8                QUADSPI_IRQHandler
                0x08000cd8                I2C1_EV_IRQHandler
                0x08000cd8                DMA1_Channel6_IRQHandler
                0x08000cd8                UART4_IRQHandler
                0x08000cd8                DMA2_Channel4_IRQHandler
                0x08000cd8                TIM3_IRQHandler
                0x08000cd8                RCC_IRQHandler
                0x08000cd8                TIM20_UP_IRQHandler
                0x08000cd8                DMA1_Channel1_IRQHandler
                0x08000cd8                Default_Handler
                0x08000cd8                DMA2_Channel7_IRQHandler
                0x08000cd8                RTC_TAMP_LSECSS_IRQHandler
                0x08000cd8                FMAC_IRQHandler
                0x08000cd8                DMA1_Channel8_IRQHandler
                0x08000cd8                TIM7_IRQHandler
                0x08000cd8                UCPD1_IRQHandler
                0x08000cd8                I2C3_EV_IRQHandler
                0x08000cd8                EXTI9_5_IRQHandler
                0x08000cd8                RTC_WKUP_IRQHandler
                0x08000cd8                PVD_PVM_IRQHandler
                0x08000cd8                SPI2_IRQHandler
                0x08000cd8                DMA2_Channel5_IRQHandler
                0x08000cd8                CRS_IRQHandler
                0x08000cd8                DMA1_Channel5_IRQHandler
                0x08000cd8                USB_LP_IRQHandler
                0x08000cd8                EXTI4_IRQHandler
                0x08000cd8                RNG_IRQHandler
                0x08000cd8                TIM1_TRG_COM_TIM17_IRQHandler
                0x08000cd8                FDCAN2_IT1_IRQHandler
                0x08000cd8                DMA1_Channel3_IRQHandler
                0x08000cd8                WWDG_IRQHandler
                0x08000cd8                FDCAN2_IT0_IRQHandler
                0x08000cd8                LPUART1_IRQHandler
                0x08000cd8                DMA2_Channel6_IRQHandler
                0x08000cd8                FDCAN1_IT0_IRQHandler
                0x08000cd8                TIM2_IRQHandler
                0x08000cd8                COMP1_2_3_IRQHandler
                0x08000cd8                EXTI1_IRQHandler
                0x08000cd8                USART2_IRQHandler
                0x08000cd8                TIM20_BRK_IRQHandler
                0x08000cd8                I2C2_ER_IRQHandler
                0x08000cd8                DMA1_Channel2_IRQHandler
                0x08000cd8                TIM8_BRK_IRQHandler
                0x08000cd8                FLASH_IRQHandler
                0x08000cd8                TIM20_CC_IRQHandler
                0x08000cd8                USART1_IRQHandler
                0x08000cd8                SPI3_IRQHandler
                0x08000cd8                I2C1_ER_IRQHandler
                0x08000cd8                LPTIM1_IRQHandler
                0x08000cd8                DMAMUX_OVR_IRQHandler
                0x08000cd8                USBWakeUp_IRQHandler
                0x08000cd8                SAI1_IRQHandler
                0x08000cd8                DMA2_Channel3_IRQHandler
                0x08000cd8                COMP4_IRQHandler
                0x08000cd8                TIM1_BRK_TIM15_IRQHandler
 .text.HAL_Init
                0x08000cda       0x30 ./Drivers/STM32G4xx_HAL_Driver/Src/stm32g4xx_hal.o
                0x08000cda                HAL_Init
 *fill*         0x08000d0a        0x2 
 .text.HAL_InitTick
                0x08000d0c       0x74 ./Drivers/STM32G4xx_HAL_Driver/Src/stm32g4xx_hal.o
                0x08000d0c                HAL_InitTick
 .text.HAL_IncTick
                0x08000d80       0x24 ./Drivers/STM32G4xx_HAL_Driver/Src/stm32g4xx_hal.o
                0x08000d80                HAL_IncTick
 .text.HAL_GetTick
                0x08000da4       0x18 ./Drivers/STM32G4xx_HAL_Driver/Src/stm32g4xx_hal.o
                0x08000da4                HAL_GetTick
 .text.HAL_Delay
                0x08000dbc       0x44 ./Drivers/STM32G4xx_HAL_Driver/Src/stm32g4xx_hal.o
                0x08000dbc                HAL_Delay
 .text.__NVIC_SetPriorityGrouping
                0x08000e00       0x48 ./Drivers/STM32G4xx_HAL_Driver/Src/stm32g4xx_hal_cortex.o
 .text.__NVIC_GetPriorityGrouping
                0x08000e48       0x1c ./Drivers/STM32G4xx_HAL_Driver/Src/stm32g4xx_hal_cortex.o
 .text.__NVIC_EnableIRQ
                0x08000e64       0x3c ./Drivers/STM32G4xx_HAL_Driver/Src/stm32g4xx_hal_cortex.o
 .text.__NVIC_SetPriority
                0x08000ea0       0x54 ./Drivers/STM32G4xx_HAL_Driver/Src/stm32g4xx_hal_cortex.o
 .text.NVIC_EncodePriority
                0x08000ef4       0x66 ./Drivers/STM32G4xx_HAL_Driver/Src/stm32g4xx_hal_cortex.o
 *fill*         0x08000f5a        0x2 
 .text.SysTick_Config
                0x08000f5c       0x44 ./Drivers/STM32G4xx_HAL_Driver/Src/stm32g4xx_hal_cortex.o
 .text.HAL_NVIC_SetPriorityGrouping
                0x08000fa0       0x16 ./Drivers/STM32G4xx_HAL_Driver/Src/stm32g4xx_hal_cortex.o
                0x08000fa0                HAL_NVIC_SetPriorityGrouping
 .text.HAL_NVIC_SetPriority
                0x08000fb6       0x34 ./Drivers/STM32G4xx_HAL_Driver/Src/stm32g4xx_hal_cortex.o
                0x08000fb6                HAL_NVIC_SetPriority
 .text.HAL_NVIC_EnableIRQ
                0x08000fea       0x1c ./Drivers/STM32G4xx_HAL_Driver/Src/stm32g4xx_hal_cortex.o
                0x08000fea                HAL_NVIC_EnableIRQ
 .text.HAL_SYSTICK_Config
                0x08001006       0x18 ./Drivers/STM32G4xx_HAL_Driver/Src/stm32g4xx_hal_cortex.o
                0x08001006                HAL_SYSTICK_Config
 .text.HAL_DAC_Init
                0x0800101e       0x44 ./Drivers/STM32G4xx_HAL_Driver/Src/stm32g4xx_hal_dac.o
                0x0800101e                HAL_DAC_Init
 *fill*         0x08001062        0x2 
 .text.HAL_DAC_Start
                0x08001064       0xd8 ./Drivers/STM32G4xx_HAL_Driver/Src/stm32g4xx_hal_dac.o
                0x08001064                HAL_DAC_Start
 .text.HAL_DAC_SetValue
                0x0800113c       0x5a ./Drivers/STM32G4xx_HAL_Driver/Src/stm32g4xx_hal_dac.o
                0x0800113c                HAL_DAC_SetValue
 *fill*         0x08001196        0x2 
 .text.HAL_DAC_ConfigChannel
                0x08001198      0x370 ./Drivers/STM32G4xx_HAL_Driver/Src/stm32g4xx_hal_dac.o
                0x08001198                HAL_DAC_ConfigChannel
 .text.HAL_GPIO_Init
                0x08001508      0x304 ./Drivers/STM32G4xx_HAL_Driver/Src/stm32g4xx_hal_gpio.o
                0x08001508                HAL_GPIO_Init
 .text.HAL_GPIO_WritePin
                0x0800180c       0x30 ./Drivers/STM32G4xx_HAL_Driver/Src/stm32g4xx_hal_gpio.o
                0x0800180c                HAL_GPIO_WritePin
 .text.HAL_GPIO_EXTI_IRQHandler
                0x0800183c       0x30 ./Drivers/STM32G4xx_HAL_Driver/Src/stm32g4xx_hal_gpio.o
                0x0800183c                HAL_GPIO_EXTI_IRQHandler
 .text.HAL_GPIO_EXTI_Callback
                0x0800186c       0x16 ./Drivers/STM32G4xx_HAL_Driver/Src/stm32g4xx_hal_gpio.o
                0x0800186c                HAL_GPIO_EXTI_Callback
 *fill*         0x08001882        0x2 
 .text.HAL_PWREx_ControlVoltageScaling
                0x08001884      0x148 ./Drivers/STM32G4xx_HAL_Driver/Src/stm32g4xx_hal_pwr_ex.o
                0x08001884                HAL_PWREx_ControlVoltageScaling
 .text.HAL_PWREx_DisableUCPDDeadBattery
                0x080019cc       0x20 ./Drivers/STM32G4xx_HAL_Driver/Src/stm32g4xx_hal_pwr_ex.o
                0x080019cc                HAL_PWREx_DisableUCPDDeadBattery
 .text.HAL_RCC_OscConfig
                0x080019ec      0x624 ./Drivers/STM32G4xx_HAL_Driver/Src/stm32g4xx_hal_rcc.o
                0x080019ec                HAL_RCC_OscConfig
 .text.HAL_RCC_ClockConfig
                0x08002010      0x278 ./Drivers/STM32G4xx_HAL_Driver/Src/stm32g4xx_hal_rcc.o
                0x08002010                HAL_RCC_ClockConfig
 .text.HAL_RCC_GetSysClockFreq
                0x08002288       0xc4 ./Drivers/STM32G4xx_HAL_Driver/Src/stm32g4xx_hal_rcc.o
                0x08002288                HAL_RCC_GetSysClockFreq
 .text.HAL_RCC_GetHCLKFreq
                0x0800234c       0x18 ./Drivers/STM32G4xx_HAL_Driver/Src/stm32g4xx_hal_rcc.o
                0x0800234c                HAL_RCC_GetHCLKFreq
 .text.HAL_RCC_GetPCLK1Freq
                0x08002364       0x2c ./Drivers/STM32G4xx_HAL_Driver/Src/stm32g4xx_hal_rcc.o
                0x08002364                HAL_RCC_GetPCLK1Freq
 .text.HAL_RCC_GetPCLK2Freq
                0x08002390       0x2c ./Drivers/STM32G4xx_HAL_Driver/Src/stm32g4xx_hal_rcc.o
                0x08002390                HAL_RCC_GetPCLK2Freq
 .text.RCC_GetSysClockFreqFromPLLSource
                0x080023bc       0x8c ./Drivers/STM32G4xx_HAL_Driver/Src/stm32g4xx_hal_rcc.o
 .text.HAL_RCCEx_PeriphCLKConfig
                0x08002448      0x478 ./Drivers/STM32G4xx_HAL_Driver/Src/stm32g4xx_hal_rcc_ex.o
                0x08002448                HAL_RCCEx_PeriphCLKConfig
 .text.HAL_TIM_Base_Init
                0x080028c0       0xae ./Drivers/STM32G4xx_HAL_Driver/Src/stm32g4xx_hal_tim.o
                0x080028c0                HAL_TIM_Base_Init
 *fill*         0x0800296e        0x2 
 .text.HAL_TIM_Base_Start_IT
                0x08002970       0xe0 ./Drivers/STM32G4xx_HAL_Driver/Src/stm32g4xx_hal_tim.o
                0x08002970                HAL_TIM_Base_Start_IT
 .text.HAL_TIM_Base_Stop_IT
                0x08002a50       0x5e ./Drivers/STM32G4xx_HAL_Driver/Src/stm32g4xx_hal_tim.o
                0x08002a50                HAL_TIM_Base_Stop_IT
 .text.HAL_TIM_IRQHandler
                0x08002aae      0x29e ./Drivers/STM32G4xx_HAL_Driver/Src/stm32g4xx_hal_tim.o
                0x08002aae                HAL_TIM_IRQHandler
 .text.HAL_TIM_OC_DelayElapsedCallback
                0x08002d4c       0x14 ./Drivers/STM32G4xx_HAL_Driver/Src/stm32g4xx_hal_tim.o
                0x08002d4c                HAL_TIM_OC_DelayElapsedCallback
 .text.HAL_TIM_IC_CaptureCallback
                0x08002d60       0x14 ./Drivers/STM32G4xx_HAL_Driver/Src/stm32g4xx_hal_tim.o
                0x08002d60                HAL_TIM_IC_CaptureCallback
 .text.HAL_TIM_PWM_PulseFinishedCallback
                0x08002d74       0x14 ./Drivers/STM32G4xx_HAL_Driver/Src/stm32g4xx_hal_tim.o
                0x08002d74                HAL_TIM_PWM_PulseFinishedCallback
 .text.HAL_TIM_TriggerCallback
                0x08002d88       0x14 ./Drivers/STM32G4xx_HAL_Driver/Src/stm32g4xx_hal_tim.o
                0x08002d88                HAL_TIM_TriggerCallback
 .text.TIM_Base_SetConfig
                0x08002d9c      0x154 ./Drivers/STM32G4xx_HAL_Driver/Src/stm32g4xx_hal_tim.o
                0x08002d9c                TIM_Base_SetConfig
 .text.HAL_TIMEx_CommutCallback
                0x08002ef0       0x14 ./Drivers/STM32G4xx_HAL_Driver/Src/stm32g4xx_hal_tim_ex.o
                0x08002ef0                HAL_TIMEx_CommutCallback
 .text.HAL_TIMEx_BreakCallback
                0x08002f04       0x14 ./Drivers/STM32G4xx_HAL_Driver/Src/stm32g4xx_hal_tim_ex.o
                0x08002f04                HAL_TIMEx_BreakCallback
 .text.HAL_TIMEx_Break2Callback
                0x08002f18       0x14 ./Drivers/STM32G4xx_HAL_Driver/Src/stm32g4xx_hal_tim_ex.o
                0x08002f18                HAL_TIMEx_Break2Callback
 .text.HAL_TIMEx_EncoderIndexCallback
                0x08002f2c       0x14 ./Drivers/STM32G4xx_HAL_Driver/Src/stm32g4xx_hal_tim_ex.o
                0x08002f2c                HAL_TIMEx_EncoderIndexCallback
 .text.HAL_TIMEx_DirectionChangeCallback
                0x08002f40       0x14 ./Drivers/STM32G4xx_HAL_Driver/Src/stm32g4xx_hal_tim_ex.o
                0x08002f40                HAL_TIMEx_DirectionChangeCallback
 .text.HAL_TIMEx_IndexErrorCallback
                0x08002f54       0x14 ./Drivers/STM32G4xx_HAL_Driver/Src/stm32g4xx_hal_tim_ex.o
                0x08002f54                HAL_TIMEx_IndexErrorCallback
 .text.HAL_TIMEx_TransitionErrorCallback
                0x08002f68       0x14 ./Drivers/STM32G4xx_HAL_Driver/Src/stm32g4xx_hal_tim_ex.o
                0x08002f68                HAL_TIMEx_TransitionErrorCallback
 .text.HAL_UART_Init
                0x08002f7c       0xa0 ./Drivers/STM32G4xx_HAL_Driver/Src/stm32g4xx_hal_uart.o
                0x08002f7c                HAL_UART_Init
 .text.UART_SetConfig
                0x0800301c      0x5f8 ./Drivers/STM32G4xx_HAL_Driver/Src/stm32g4xx_hal_uart.o
                0x0800301c                UART_SetConfig
 .text.UART_AdvFeatureConfig
                0x08003614      0x144 ./Drivers/STM32G4xx_HAL_Driver/Src/stm32g4xx_hal_uart.o
                0x08003614                UART_AdvFeatureConfig
 .text.UART_CheckIdleState
                0x08003758      0x154 ./Drivers/STM32G4xx_HAL_Driver/Src/stm32g4xx_hal_uart.o
                0x08003758                UART_CheckIdleState
 .text.UART_WaitOnFlagUntilTimeout
                0x080038ac       0xda ./Drivers/STM32G4xx_HAL_Driver/Src/stm32g4xx_hal_uart.o
                0x080038ac                UART_WaitOnFlagUntilTimeout
 .text.UART_EndRxTransfer
                0x08003986       0xcc ./Drivers/STM32G4xx_HAL_Driver/Src/stm32g4xx_hal_uart.o
 .text.HAL_UARTEx_DisableFifoMode
                0x08003a52       0x72 ./Drivers/STM32G4xx_HAL_Driver/Src/stm32g4xx_hal_uart_ex.o
                0x08003a52                HAL_UARTEx_DisableFifoMode
 .text.HAL_UARTEx_SetTxFifoThreshold
                0x08003ac4       0x7c ./Drivers/STM32G4xx_HAL_Driver/Src/stm32g4xx_hal_uart_ex.o
                0x08003ac4                HAL_UARTEx_SetTxFifoThreshold
 .text.HAL_UARTEx_SetRxFifoThreshold
                0x08003b40       0x7c ./Drivers/STM32G4xx_HAL_Driver/Src/stm32g4xx_hal_uart_ex.o
                0x08003b40                HAL_UARTEx_SetRxFifoThreshold
 .text.UARTEx_SetNbDataToProcess
                0x08003bbc       0x9c ./Drivers/STM32G4xx_HAL_Driver/Src/stm32g4xx_hal_uart_ex.o
 .text.memset   0x08003c58       0x10 C:/ST/STM32CubeIDE_1.15.1/STM32CubeIDE/plugins/com.st.stm32cube.ide.mcu.externaltools.gnu-tools-for-stm32.12.3.rel1.win32_1.0.100.202403111256/tools/bin/../lib/gcc/arm-none-eabi/12.3.1/../../../../arm-none-eabi/lib/thumb/v7e-m+fp/hard\libc_nano.a(libc_a-memset.o)
                0x08003c58                memset
 .text.__libc_init_array
                0x08003c68       0x48 C:/ST/STM32CubeIDE_1.15.1/STM32CubeIDE/plugins/com.st.stm32cube.ide.mcu.externaltools.gnu-tools-for-stm32.12.3.rel1.win32_1.0.100.202403111256/tools/bin/../lib/gcc/arm-none-eabi/12.3.1/../../../../arm-none-eabi/lib/thumb/v7e-m+fp/hard\libc_nano.a(libc_a-init.o)
                0x08003c68                __libc_init_array
 *(.glue_7)
 .glue_7        0x08003cb0        0x0 linker stubs
 *(.glue_7t)
 .glue_7t       0x08003cb0        0x0 linker stubs
 *(.eh_frame)
 .eh_frame      0x08003cb0        0x0 C:/ST/STM32CubeIDE_1.15.1/STM32CubeIDE/plugins/com.st.stm32cube.ide.mcu.externaltools.gnu-tools-for-stm32.12.3.rel1.win32_1.0.100.202403111256/tools/bin/../lib/gcc/arm-none-eabi/12.3.1/thumb/v7e-m+fp/hard/crtbegin.o
 *(.init)
 .init          0x08003cb0        0x4 C:/ST/STM32CubeIDE_1.15.1/STM32CubeIDE/plugins/com.st.stm32cube.ide.mcu.externaltools.gnu-tools-for-stm32.12.3.rel1.win32_1.0.100.202403111256/tools/bin/../lib/gcc/arm-none-eabi/12.3.1/thumb/v7e-m+fp/hard/crti.o
                0x08003cb0                _init
 .init          0x08003cb4        0x8 C:/ST/STM32CubeIDE_1.15.1/STM32CubeIDE/plugins/com.st.stm32cube.ide.mcu.externaltools.gnu-tools-for-stm32.12.3.rel1.win32_1.0.100.202403111256/tools/bin/../lib/gcc/arm-none-eabi/12.3.1/thumb/v7e-m+fp/hard/crtn.o
 *(.fini)
 .fini          0x08003cbc        0x4 C:/ST/STM32CubeIDE_1.15.1/STM32CubeIDE/plugins/com.st.stm32cube.ide.mcu.externaltools.gnu-tools-for-stm32.12.3.rel1.win32_1.0.100.202403111256/tools/bin/../lib/gcc/arm-none-eabi/12.3.1/thumb/v7e-m+fp/hard/crti.o
                0x08003cbc                _fini
 .fini          0x08003cc0        0x8 C:/ST/STM32CubeIDE_1.15.1/STM32CubeIDE/plugins/com.st.stm32cube.ide.mcu.externaltools.gnu-tools-for-stm32.12.3.rel1.win32_1.0.100.202403111256/tools/bin/../lib/gcc/arm-none-eabi/12.3.1/thumb/v7e-m+fp/hard/crtn.o
                0x08003cc8                        . = ALIGN (0x4)
                0x08003cc8                        _etext = .

.vfp11_veneer   0x08003cc8        0x0
 .vfp11_veneer  0x08003cc8        0x0 linker stubs

.v4_bx          0x08003cc8        0x0
 .v4_bx         0x08003cc8        0x0 linker stubs

.iplt           0x08003cc8        0x0
 .iplt          0x08003cc8        0x0 C:/ST/STM32CubeIDE_1.15.1/STM32CubeIDE/plugins/com.st.stm32cube.ide.mcu.externaltools.gnu-tools-for-stm32.12.3.rel1.win32_1.0.100.202403111256/tools/bin/../lib/gcc/arm-none-eabi/12.3.1/thumb/v7e-m+fp/hard/crtbegin.o

.rodata         0x08003cc8       0x54
                0x08003cc8                        . = ALIGN (0x4)
 *(.rodata)
 .rodata        0x08003cc8       0x14 ./Core/Src/main.o
 *(.rodata*)
 .rodata.AHBPrescTable
                0x08003cdc       0x10 ./Core/Src/system_stm32g4xx.o
                0x08003cdc                AHBPrescTable
 .rodata.APBPrescTable
                0x08003cec        0x8 ./Core/Src/system_stm32g4xx.o
                0x08003cec                APBPrescTable
 .rodata.UARTPrescTable
                0x08003cf4       0x18 ./Drivers/STM32G4xx_HAL_Driver/Src/stm32g4xx_hal_uart.o
                0x08003cf4                UARTPrescTable
 .rodata.numerator.1
                0x08003d0c        0x8 ./Drivers/STM32G4xx_HAL_Driver/Src/stm32g4xx_hal_uart_ex.o
 .rodata.denominator.0
                0x08003d14        0x8 ./Drivers/STM32G4xx_HAL_Driver/Src/stm32g4xx_hal_uart_ex.o
                0x08003d1c                        . = ALIGN (0x4)

.ARM.extab      0x08003d1c        0x0
                0x08003d1c                        . = ALIGN (0x4)
 *(.ARM.extab* .gnu.linkonce.armextab.*)
                0x08003d1c                        . = ALIGN (0x4)

.ARM            0x08003d1c        0x8
                0x08003d1c                        . = ALIGN (0x4)
                0x08003d1c                        __exidx_start = .
 *(.ARM.exidx*)
 .ARM.exidx     0x08003d1c        0x8 C:/ST/STM32CubeIDE_1.15.1/STM32CubeIDE/plugins/com.st.stm32cube.ide.mcu.externaltools.gnu-tools-for-stm32.12.3.rel1.win32_1.0.100.202403111256/tools/bin/../lib/gcc/arm-none-eabi/12.3.1/thumb/v7e-m+fp/hard\libgcc.a(_udivmoddi4.o)
                0x08003d24                        __exidx_end = .
                0x08003d24                        . = ALIGN (0x4)

.preinit_array  0x08003d24        0x0
                0x08003d24                        . = ALIGN (0x4)
                0x08003d24                        PROVIDE (__preinit_array_start = .)
 *(.preinit_array*)
                0x08003d24                        PROVIDE (__preinit_array_end = .)
                0x08003d24                        . = ALIGN (0x4)

.init_array     0x08003d24        0x4
                0x08003d24                        . = ALIGN (0x4)
                0x08003d24                        PROVIDE (__init_array_start = .)
 *(SORT_BY_NAME(.init_array.*))
 *(.init_array*)
 .init_array    0x08003d24        0x4 C:/ST/STM32CubeIDE_1.15.1/STM32CubeIDE/plugins/com.st.stm32cube.ide.mcu.externaltools.gnu-tools-for-stm32.12.3.rel1.win32_1.0.100.202403111256/tools/bin/../lib/gcc/arm-none-eabi/12.3.1/thumb/v7e-m+fp/hard/crtbegin.o
                0x08003d28                        PROVIDE (__init_array_end = .)
                0x08003d28                        . = ALIGN (0x4)

.fini_array     0x08003d28        0x4
                0x08003d28                        . = ALIGN (0x4)
                [!provide]                        PROVIDE (__fini_array_start = .)
 *(SORT_BY_NAME(.fini_array.*))
 *(.fini_array*)
 .fini_array    0x08003d28        0x4 C:/ST/STM32CubeIDE_1.15.1/STM32CubeIDE/plugins/com.st.stm32cube.ide.mcu.externaltools.gnu-tools-for-stm32.12.3.rel1.win32_1.0.100.202403111256/tools/bin/../lib/gcc/arm-none-eabi/12.3.1/thumb/v7e-m+fp/hard/crtbegin.o
                [!provide]                        PROVIDE (__fini_array_end = .)
                0x08003d2c                        . = ALIGN (0x4)
                0x08003d2c                        _sidata = LOADADDR (.data)

.rel.dyn        0x08003d2c        0x0
 .rel.iplt      0x08003d2c        0x0 C:/ST/STM32CubeIDE_1.15.1/STM32CubeIDE/plugins/com.st.stm32cube.ide.mcu.externaltools.gnu-tools-for-stm32.12.3.rel1.win32_1.0.100.202403111256/tools/bin/../lib/gcc/arm-none-eabi/12.3.1/thumb/v7e-m+fp/hard/crtbegin.o

.data           0x20000000       0x24 load address 0x08003d2c
                0x20000000                        . = ALIGN (0x4)
                0x20000000                        _sdata = .
 *(.data)
 *(.data*)
 .data.sine_wave
                0x20000000       0x14 ./Core/Src/main.o
                0x20000000                sine_wave
 .data.wave_size
                0x20000014        0x4 ./Core/Src/main.o
                0x20000014                wave_size
 .data.SystemCoreClock
                0x20000018        0x4 ./Core/Src/system_stm32g4xx.o
                0x20000018                SystemCoreClock
 .data.uwTickPrio
                0x2000001c        0x4 ./Drivers/STM32G4xx_HAL_Driver/Src/stm32g4xx_hal.o
                0x2000001c                uwTickPrio
 .data.uwTickFreq
                0x20000020        0x4 ./Drivers/STM32G4xx_HAL_Driver/Src/stm32g4xx_hal.o
                0x20000020                uwTickFreq
 *(.RamFunc)
 *(.RamFunc*)
                0x20000024                        . = ALIGN (0x4)
                0x20000024                        _edata = .

.igot.plt       0x20000024        0x0 load address 0x08003d50
 .igot.plt      0x20000024        0x0 C:/ST/STM32CubeIDE_1.15.1/STM32CubeIDE/plugins/com.st.stm32cube.ide.mcu.externaltools.gnu-tools-for-stm32.12.3.rel1.win32_1.0.100.202403111256/tools/bin/../lib/gcc/arm-none-eabi/12.3.1/thumb/v7e-m+fp/hard/crtbegin.o
                0x20000024                        . = ALIGN (0x4)

.bss            0x20000024      0x1b0 load address 0x08003d50
                0x20000024                        _sbss = .
                0x20000024                        __bss_start__ = _sbss
 *(.bss)
 .bss           0x20000024       0x1c C:/ST/STM32CubeIDE_1.15.1/STM32CubeIDE/plugins/com.st.stm32cube.ide.mcu.externaltools.gnu-tools-for-stm32.12.3.rel1.win32_1.0.100.202403111256/tools/bin/../lib/gcc/arm-none-eabi/12.3.1/thumb/v7e-m+fp/hard/crtbegin.o
 *(.bss*)
 .bss.hdac1     0x20000040       0x14 ./Core/Src/main.o
                0x20000040                hdac1
 .bss.hlpuart1  0x20000054       0x94 ./Core/Src/main.o
                0x20000054                hlpuart1
 .bss.huart1    0x200000e8       0x94 ./Core/Src/main.o
                0x200000e8                huart1
 .bss.htim16    0x2000017c       0x4c ./Core/Src/main.o
                0x2000017c                htim16
 .bss.idx       0x200001c8        0x4 ./Core/Src/main.o
                0x200001c8                idx
 .bss.count     0x200001cc        0x4 ./Core/Src/main.o
                0x200001cc                count
 .bss.uwTick    0x200001d0        0x4 ./Drivers/STM32G4xx_HAL_Driver/Src/stm32g4xx_hal.o
                0x200001d0                uwTick
 *(COMMON)
                0x200001d4                        . = ALIGN (0x4)
                0x200001d4                        _ebss = .
                0x200001d4                        __bss_end__ = _ebss

._user_heap_stack
                0x200001d4      0x604 load address 0x08003d50
                0x200001d8                        . = ALIGN (0x8)
 *fill*         0x200001d4        0x4 
                [!provide]                        PROVIDE (end = .)
                0x200001d8                        PROVIDE (_end = .)
                0x200003d8                        . = (. + _Min_Heap_Size)
 *fill*         0x200001d8      0x200 
                0x200007d8                        . = (. + _Min_Stack_Size)
 *fill*         0x200003d8      0x400 
                0x200007d8                        . = ALIGN (0x8)

/DISCARD/
 libc.a(*)
 libm.a(*)
 libgcc.a(*)

.ARM.attributes
                0x00000000       0x30
 *(.ARM.attributes)
 .ARM.attributes
                0x00000000       0x22 C:/ST/STM32CubeIDE_1.15.1/STM32CubeIDE/plugins/com.st.stm32cube.ide.mcu.externaltools.gnu-tools-for-stm32.12.3.rel1.win32_1.0.100.202403111256/tools/bin/../lib/gcc/arm-none-eabi/12.3.1/thumb/v7e-m+fp/hard/crti.o
 .ARM.attributes
                0x00000022       0x34 C:/ST/STM32CubeIDE_1.15.1/STM32CubeIDE/plugins/com.st.stm32cube.ide.mcu.externaltools.gnu-tools-for-stm32.12.3.rel1.win32_1.0.100.202403111256/tools/bin/../lib/gcc/arm-none-eabi/12.3.1/thumb/v7e-m+fp/hard/crtbegin.o
 .ARM.attributes
                0x00000056       0x34 ./Core/Src/main.o
 .ARM.attributes
                0x0000008a       0x34 ./Core/Src/stm32g4xx_hal_msp.o
 .ARM.attributes
                0x000000be       0x34 ./Core/Src/stm32g4xx_it.o
 .ARM.attributes
                0x000000f2       0x34 ./Core/Src/system_stm32g4xx.o
 .ARM.attributes
                0x00000126       0x21 ./Core/Startup/startup_stm32g491retx.o
 .ARM.attributes
                0x00000147       0x34 ./Drivers/STM32G4xx_HAL_Driver/Src/stm32g4xx_hal.o
 .ARM.attributes
                0x0000017b       0x34 ./Drivers/STM32G4xx_HAL_Driver/Src/stm32g4xx_hal_cortex.o
 .ARM.attributes
                0x000001af       0x34 ./Drivers/STM32G4xx_HAL_Driver/Src/stm32g4xx_hal_dac.o
 .ARM.attributes
                0x000001e3       0x34 ./Drivers/STM32G4xx_HAL_Driver/Src/stm32g4xx_hal_gpio.o
 .ARM.attributes
                0x00000217       0x34 ./Drivers/STM32G4xx_HAL_Driver/Src/stm32g4xx_hal_pwr_ex.o
 .ARM.attributes
                0x0000024b       0x34 ./Drivers/STM32G4xx_HAL_Driver/Src/stm32g4xx_hal_rcc.o
 .ARM.attributes
                0x0000027f       0x34 ./Drivers/STM32G4xx_HAL_Driver/Src/stm32g4xx_hal_rcc_ex.o
 .ARM.attributes
                0x000002b3       0x34 ./Drivers/STM32G4xx_HAL_Driver/Src/stm32g4xx_hal_tim.o
 .ARM.attributes
                0x000002e7       0x34 ./Drivers/STM32G4xx_HAL_Driver/Src/stm32g4xx_hal_tim_ex.o
 .ARM.attributes
                0x0000031b       0x34 ./Drivers/STM32G4xx_HAL_Driver/Src/stm32g4xx_hal_uart.o
 .ARM.attributes
                0x0000034f       0x34 ./Drivers/STM32G4xx_HAL_Driver/Src/stm32g4xx_hal_uart_ex.o
 .ARM.attributes
                0x00000383       0x34 C:/ST/STM32CubeIDE_1.15.1/STM32CubeIDE/plugins/com.st.stm32cube.ide.mcu.externaltools.gnu-tools-for-stm32.12.3.rel1.win32_1.0.100.202403111256/tools/bin/../lib/gcc/arm-none-eabi/12.3.1/../../../../arm-none-eabi/lib/thumb/v7e-m+fp/hard\libc_nano.a(libc_a-memset.o)
 .ARM.attributes
                0x000003b7       0x34 C:/ST/STM32CubeIDE_1.15.1/STM32CubeIDE/plugins/com.st.stm32cube.ide.mcu.externaltools.gnu-tools-for-stm32.12.3.rel1.win32_1.0.100.202403111256/tools/bin/../lib/gcc/arm-none-eabi/12.3.1/../../../../arm-none-eabi/lib/thumb/v7e-m+fp/hard\libc_nano.a(libc_a-init.o)
 .ARM.attributes
                0x000003eb       0x22 C:/ST/STM32CubeIDE_1.15.1/STM32CubeIDE/plugins/com.st.stm32cube.ide.mcu.externaltools.gnu-tools-for-stm32.12.3.rel1.win32_1.0.100.202403111256/tools/bin/../lib/gcc/arm-none-eabi/12.3.1/thumb/v7e-m+fp/hard\libgcc.a(_aeabi_uldivmod.o)
 .ARM.attributes
                0x0000040d       0x34 C:/ST/STM32CubeIDE_1.15.1/STM32CubeIDE/plugins/com.st.stm32cube.ide.mcu.externaltools.gnu-tools-for-stm32.12.3.rel1.win32_1.0.100.202403111256/tools/bin/../lib/gcc/arm-none-eabi/12.3.1/thumb/v7e-m+fp/hard\libgcc.a(_udivmoddi4.o)
 .ARM.attributes
                0x00000441       0x22 C:/ST/STM32CubeIDE_1.15.1/STM32CubeIDE/plugins/com.st.stm32cube.ide.mcu.externaltools.gnu-tools-for-stm32.12.3.rel1.win32_1.0.100.202403111256/tools/bin/../lib/gcc/arm-none-eabi/12.3.1/thumb/v7e-m+fp/hard\libgcc.a(_dvmd_tls.o)
 .ARM.attributes
                0x00000463       0x22 C:/ST/STM32CubeIDE_1.15.1/STM32CubeIDE/plugins/com.st.stm32cube.ide.mcu.externaltools.gnu-tools-for-stm32.12.3.rel1.win32_1.0.100.202403111256/tools/bin/../lib/gcc/arm-none-eabi/12.3.1/thumb/v7e-m+fp/hard/crtn.o
OUTPUT(Lora_example.elf elf32-littlearm)
LOAD linker stubs
LOAD C:/ST/STM32CubeIDE_1.15.1/STM32CubeIDE/plugins/com.st.stm32cube.ide.mcu.externaltools.gnu-tools-for-stm32.12.3.rel1.win32_1.0.100.202403111256/tools/bin/../lib/gcc/arm-none-eabi/12.3.1/../../../../arm-none-eabi/lib/thumb/v7e-m+fp/hard\libc.a
LOAD C:/ST/STM32CubeIDE_1.15.1/STM32CubeIDE/plugins/com.st.stm32cube.ide.mcu.externaltools.gnu-tools-for-stm32.12.3.rel1.win32_1.0.100.202403111256/tools/bin/../lib/gcc/arm-none-eabi/12.3.1/../../../../arm-none-eabi/lib/thumb/v7e-m+fp/hard\libm.a
LOAD C:/ST/STM32CubeIDE_1.15.1/STM32CubeIDE/plugins/com.st.stm32cube.ide.mcu.externaltools.gnu-tools-for-stm32.12.3.rel1.win32_1.0.100.202403111256/tools/bin/../lib/gcc/arm-none-eabi/12.3.1/thumb/v7e-m+fp/hard\libgcc.a

.debug_info     0x00000000    0x12ed9
 .debug_info    0x00000000     0x1a04 ./Core/Src/main.o
 .debug_info    0x00001a04     0x16ff ./Core/Src/stm32g4xx_hal_msp.o
 .debug_info    0x00003103      0x8b3 ./Core/Src/stm32g4xx_it.o
 .debug_info    0x000039b6      0x58e ./Core/Src/system_stm32g4xx.o
 .debug_info    0x00003f44       0x30 ./Core/Startup/startup_stm32g491retx.o
 .debug_info    0x00003f74      0xb29 ./Drivers/STM32G4xx_HAL_Driver/Src/stm32g4xx_hal.o
 .debug_info    0x00004a9d      0xd41 ./Drivers/STM32G4xx_HAL_Driver/Src/stm32g4xx_hal_cortex.o
 .debug_info    0x000057de      0xcbc ./Drivers/STM32G4xx_HAL_Driver/Src/stm32g4xx_hal_dac.o
 .debug_info    0x0000649a      0x763 ./Drivers/STM32G4xx_HAL_Driver/Src/stm32g4xx_hal_gpio.o
 .debug_info    0x00006bfd      0x93f ./Drivers/STM32G4xx_HAL_Driver/Src/stm32g4xx_hal_pwr_ex.o
 .debug_info    0x0000753c      0xb82 ./Drivers/STM32G4xx_HAL_Driver/Src/stm32g4xx_hal_rcc.o
 .debug_info    0x000080be      0xc39 ./Drivers/STM32G4xx_HAL_Driver/Src/stm32g4xx_hal_rcc_ex.o
 .debug_info    0x00008cf7     0x2c52 ./Drivers/STM32G4xx_HAL_Driver/Src/stm32g4xx_hal_tim.o
 .debug_info    0x0000b949     0x1d95 ./Drivers/STM32G4xx_HAL_Driver/Src/stm32g4xx_hal_tim_ex.o
 .debug_info    0x0000d6de     0x481e ./Drivers/STM32G4xx_HAL_Driver/Src/stm32g4xx_hal_uart.o
 .debug_info    0x00011efc      0xfdd ./Drivers/STM32G4xx_HAL_Driver/Src/stm32g4xx_hal_uart_ex.o

.debug_abbrev   0x00000000     0x2471
 .debug_abbrev  0x00000000      0x2e8 ./Core/Src/main.o
 .debug_abbrev  0x000002e8      0x271 ./Core/Src/stm32g4xx_hal_msp.o
 .debug_abbrev  0x00000559      0x1c2 ./Core/Src/stm32g4xx_it.o
 .debug_abbrev  0x0000071b      0x11a ./Core/Src/system_stm32g4xx.o
 .debug_abbrev  0x00000835       0x24 ./Core/Startup/startup_stm32g491retx.o
 .debug_abbrev  0x00000859      0x271 ./Drivers/STM32G4xx_HAL_Driver/Src/stm32g4xx_hal.o
 .debug_abbrev  0x00000aca      0x31c ./Drivers/STM32G4xx_HAL_Driver/Src/stm32g4xx_hal_cortex.o
 .debug_abbrev  0x00000de6      0x231 ./Drivers/STM32G4xx_HAL_Driver/Src/stm32g4xx_hal_dac.o
 .debug_abbrev  0x00001017      0x1cb ./Drivers/STM32G4xx_HAL_Driver/Src/stm32g4xx_hal_gpio.o
 .debug_abbrev  0x000011e2      0x22c ./Drivers/STM32G4xx_HAL_Driver/Src/stm32g4xx_hal_pwr_ex.o
 .debug_abbrev  0x0000140e      0x2c9 ./Drivers/STM32G4xx_HAL_Driver/Src/stm32g4xx_hal_rcc.o
 .debug_abbrev  0x000016d7      0x258 ./Drivers/STM32G4xx_HAL_Driver/Src/stm32g4xx_hal_rcc_ex.o
 .debug_abbrev  0x0000192f      0x2a7 ./Drivers/STM32G4xx_HAL_Driver/Src/stm32g4xx_hal_tim.o
 .debug_abbrev  0x00001bd6      0x2c5 ./Drivers/STM32G4xx_HAL_Driver/Src/stm32g4xx_hal_tim_ex.o
 .debug_abbrev  0x00001e9b      0x304 ./Drivers/STM32G4xx_HAL_Driver/Src/stm32g4xx_hal_uart.o
 .debug_abbrev  0x0000219f      0x2d2 ./Drivers/STM32G4xx_HAL_Driver/Src/stm32g4xx_hal_uart_ex.o

.debug_aranges  0x00000000     0x1080
 .debug_aranges
                0x00000000       0x60 ./Core/Src/main.o
 .debug_aranges
                0x00000060       0x50 ./Core/Src/stm32g4xx_hal_msp.o
 .debug_aranges
                0x000000b0       0x70 ./Core/Src/stm32g4xx_it.o
 .debug_aranges
                0x00000120       0x28 ./Core/Src/system_stm32g4xx.o
 .debug_aranges
                0x00000148       0x28 ./Core/Startup/startup_stm32g491retx.o
 .debug_aranges
                0x00000170      0x148 ./Drivers/STM32G4xx_HAL_Driver/Src/stm32g4xx_hal.o
 .debug_aranges
                0x000002b8      0x118 ./Drivers/STM32G4xx_HAL_Driver/Src/stm32g4xx_hal_cortex.o
 .debug_aranges
                0x000003d0       0xc0 ./Drivers/STM32G4xx_HAL_Driver/Src/stm32g4xx_hal_dac.o
 .debug_aranges
                0x00000490       0x58 ./Drivers/STM32G4xx_HAL_Driver/Src/stm32g4xx_hal_gpio.o
 .debug_aranges
                0x000004e8      0x140 ./Drivers/STM32G4xx_HAL_Driver/Src/stm32g4xx_hal_pwr_ex.o
 .debug_aranges
                0x00000628       0x98 ./Drivers/STM32G4xx_HAL_Driver/Src/stm32g4xx_hal_rcc.o
 .debug_aranges
                0x000006c0       0xb0 ./Drivers/STM32G4xx_HAL_Driver/Src/stm32g4xx_hal_rcc_ex.o
 .debug_aranges
                0x00000770      0x3e0 ./Drivers/STM32G4xx_HAL_Driver/Src/stm32g4xx_hal_tim.o
 .debug_aranges
                0x00000b50      0x240 ./Drivers/STM32G4xx_HAL_Driver/Src/stm32g4xx_hal_tim_ex.o
 .debug_aranges
                0x00000d90      0x248 ./Drivers/STM32G4xx_HAL_Driver/Src/stm32g4xx_hal_uart.o
 .debug_aranges
                0x00000fd8       0xa8 ./Drivers/STM32G4xx_HAL_Driver/Src/stm32g4xx_hal_uart_ex.o

.debug_rnglists
                0x00000000      0xce9
 .debug_rnglists
                0x00000000       0x48 ./Core/Src/main.o
 .debug_rnglists
                0x00000048       0x38 ./Core/Src/stm32g4xx_hal_msp.o
 .debug_rnglists
                0x00000080       0x4f ./Core/Src/stm32g4xx_it.o
 .debug_rnglists
                0x000000cf       0x1a ./Core/Src/system_stm32g4xx.o
 .debug_rnglists
                0x000000e9       0x19 ./Core/Startup/startup_stm32g491retx.o
 .debug_rnglists
                0x00000102       0xf1 ./Drivers/STM32G4xx_HAL_Driver/Src/stm32g4xx_hal.o
 .debug_rnglists
                0x000001f3       0xce ./Drivers/STM32G4xx_HAL_Driver/Src/stm32g4xx_hal_cortex.o
 .debug_rnglists
                0x000002c1       0x90 ./Drivers/STM32G4xx_HAL_Driver/Src/stm32g4xx_hal_dac.o
 .debug_rnglists
                0x00000351       0x3f ./Drivers/STM32G4xx_HAL_Driver/Src/stm32g4xx_hal_gpio.o
 .debug_rnglists
                0x00000390       0xf1 ./Drivers/STM32G4xx_HAL_Driver/Src/stm32g4xx_hal_pwr_ex.o
 .debug_rnglists
                0x00000481       0x74 ./Drivers/STM32G4xx_HAL_Driver/Src/stm32g4xx_hal_rcc.o
 .debug_rnglists
                0x000004f5       0x87 ./Drivers/STM32G4xx_HAL_Driver/Src/stm32g4xx_hal_rcc_ex.o
 .debug_rnglists
                0x0000057c      0x328 ./Drivers/STM32G4xx_HAL_Driver/Src/stm32g4xx_hal_tim.o
 .debug_rnglists
                0x000008a4      0x1cc ./Drivers/STM32G4xx_HAL_Driver/Src/stm32g4xx_hal_tim_ex.o
 .debug_rnglists
                0x00000a70      0x1fa ./Drivers/STM32G4xx_HAL_Driver/Src/stm32g4xx_hal_uart.o
 .debug_rnglists
                0x00000c6a       0x7f ./Drivers/STM32G4xx_HAL_Driver/Src/stm32g4xx_hal_uart_ex.o

.debug_macro    0x00000000    0x1f4ce
 .debug_macro   0x00000000      0x327 ./Core/Src/main.o
 .debug_macro   0x00000327      0xab4 ./Core/Src/main.o
 .debug_macro   0x00000ddb      0x161 ./Core/Src/main.o
 .debug_macro   0x00000f3c       0x2e ./Core/Src/main.o
 .debug_macro   0x00000f6a       0x28 ./Core/Src/main.o
 .debug_macro   0x00000f92       0x22 ./Core/Src/main.o
 .debug_macro   0x00000fb4       0x8e ./Core/Src/main.o
 .debug_macro   0x00001042       0x51 ./Core/Src/main.o
 .debug_macro   0x00001093      0x103 ./Core/Src/main.o
 .debug_macro   0x00001196       0x6a ./Core/Src/main.o
 .debug_macro   0x00001200      0x1df ./Core/Src/main.o
 .debug_macro   0x000013df       0x1c ./Core/Src/main.o
 .debug_macro   0x000013fb       0x22 ./Core/Src/main.o
 .debug_macro   0x0000141d       0xfb ./Core/Src/main.o
 .debug_macro   0x00001518     0x1011 ./Core/Src/main.o
 .debug_macro   0x00002529      0x11f ./Core/Src/main.o
 .debug_macro   0x00002648    0x11e40 ./Core/Src/main.o
 .debug_macro   0x00014488       0x6d ./Core/Src/main.o
 .debug_macro   0x000144f5     0x354d ./Core/Src/main.o
 .debug_macro   0x00017a42      0x189 ./Core/Src/main.o
 .debug_macro   0x00017bcb       0x5c ./Core/Src/main.o
 .debug_macro   0x00017c27     0x1535 ./Core/Src/main.o
 .debug_macro   0x0001915c      0x5cf ./Core/Src/main.o
 .debug_macro   0x0001972b      0x1b6 ./Core/Src/main.o
 .debug_macro   0x000198e1      0x2d0 ./Core/Src/main.o
 .debug_macro   0x00019bb1      0x4a2 ./Core/Src/main.o
 .debug_macro   0x0001a053      0x18b ./Core/Src/main.o
 .debug_macro   0x0001a1de       0x43 ./Core/Src/main.o
 .debug_macro   0x0001a221      0x23d ./Core/Src/main.o
 .debug_macro   0x0001a45e      0x209 ./Core/Src/main.o
 .debug_macro   0x0001a667      0x108 ./Core/Src/main.o
 .debug_macro   0x0001a76f      0x211 ./Core/Src/main.o
 .debug_macro   0x0001a980      0x416 ./Core/Src/main.o
 .debug_macro   0x0001ad96      0x10e ./Core/Src/main.o
 .debug_macro   0x0001aea4      0x122 ./Core/Src/main.o
 .debug_macro   0x0001afc6      0x3d1 ./Core/Src/main.o
 .debug_macro   0x0001b397      0xbe8 ./Core/Src/main.o
 .debug_macro   0x0001bf7f      0x4ee ./Core/Src/main.o
 .debug_macro   0x0001c46d      0x693 ./Core/Src/main.o
 .debug_macro   0x0001cb00       0xa6 ./Core/Src/main.o
 .debug_macro   0x0001cba6      0x321 ./Core/Src/main.o
 .debug_macro   0x0001cec7       0x5e ./Core/Src/main.o
 .debug_macro   0x0001cf25       0x61 ./Core/Src/main.o
 .debug_macro   0x0001cf86       0x2a ./Core/Src/main.o
 .debug_macro   0x0001cfb0       0x43 ./Core/Src/main.o
 .debug_macro   0x0001cff3       0x34 ./Core/Src/main.o
 .debug_macro   0x0001d027       0x16 ./Core/Src/main.o
 .debug_macro   0x0001d03d       0x43 ./Core/Src/main.o
 .debug_macro   0x0001d080       0x34 ./Core/Src/main.o
 .debug_macro   0x0001d0b4       0x10 ./Core/Src/main.o
 .debug_macro   0x0001d0c4       0x58 ./Core/Src/main.o
 .debug_macro   0x0001d11c       0x8e ./Core/Src/main.o
 .debug_macro   0x0001d1aa       0x1c ./Core/Src/main.o
 .debug_macro   0x0001d1c6      0x177 ./Core/Src/main.o
 .debug_macro   0x0001d33d      0x369 ./Core/Src/main.o
 .debug_macro   0x0001d6a6       0x10 ./Core/Src/main.o
 .debug_macro   0x0001d6b6       0x35 ./Core/Src/main.o
 .debug_macro   0x0001d6eb       0x20 ./Core/Src/main.o
 .debug_macro   0x0001d70b       0x1c ./Core/Src/main.o
 .debug_macro   0x0001d727       0x10 ./Core/Src/main.o
 .debug_macro   0x0001d737       0x1c ./Core/Src/main.o
 .debug_macro   0x0001d753       0x16 ./Core/Src/main.o
 .debug_macro   0x0001d769      0x146 ./Core/Src/main.o
 .debug_macro   0x0001d8af       0x16 ./Core/Src/main.o
 .debug_macro   0x0001d8c5       0x16 ./Core/Src/main.o
 .debug_macro   0x0001d8db       0x29 ./Core/Src/main.o
 .debug_macro   0x0001d904      0x1f1 ./Core/Src/stm32g4xx_hal_msp.o
 .debug_macro   0x0001daf5      0x1fb ./Core/Src/stm32g4xx_it.o
 .debug_macro   0x0001dcf0      0x1e2 ./Core/Src/system_stm32g4xx.o
 .debug_macro   0x0001ded2      0x230 ./Drivers/STM32G4xx_HAL_Driver/Src/stm32g4xx_hal.o
 .debug_macro   0x0001e102      0x1e2 ./Drivers/STM32G4xx_HAL_Driver/Src/stm32g4xx_hal_cortex.o
 .debug_macro   0x0001e2e4      0x1f8 ./Drivers/STM32G4xx_HAL_Driver/Src/stm32g4xx_hal_dac.o
 .debug_macro   0x0001e4dc      0x1e9 ./Drivers/STM32G4xx_HAL_Driver/Src/stm32g4xx_hal_gpio.o
 .debug_macro   0x0001e6c5      0x20c ./Drivers/STM32G4xx_HAL_Driver/Src/stm32g4xx_hal_pwr_ex.o
 .debug_macro   0x0001e8d1      0x224 ./Drivers/STM32G4xx_HAL_Driver/Src/stm32g4xx_hal_rcc.o
 .debug_macro   0x0001eaf5      0x20c ./Drivers/STM32G4xx_HAL_Driver/Src/stm32g4xx_hal_rcc_ex.o
 .debug_macro   0x0001ed01      0x1ea ./Drivers/STM32G4xx_HAL_Driver/Src/stm32g4xx_hal_tim.o
 .debug_macro   0x0001eeeb      0x1e8 ./Drivers/STM32G4xx_HAL_Driver/Src/stm32g4xx_hal_tim_ex.o
 .debug_macro   0x0001f0d3      0x20d ./Drivers/STM32G4xx_HAL_Driver/Src/stm32g4xx_hal_uart.o
 .debug_macro   0x0001f2e0      0x1ee ./Drivers/STM32G4xx_HAL_Driver/Src/stm32g4xx_hal_uart_ex.o

.debug_line     0x00000000    0x13259
 .debug_line    0x00000000      0xb7f ./Core/Src/main.o
 .debug_line    0x00000b7f      0x8bd ./Core/Src/stm32g4xx_hal_msp.o
 .debug_line    0x0000143c      0x88d ./Core/Src/stm32g4xx_it.o
 .debug_line    0x00001cc9      0x807 ./Core/Src/system_stm32g4xx.o
 .debug_line    0x000024d0       0x7b ./Core/Startup/startup_stm32g491retx.o
 .debug_line    0x0000254b      0xbc3 ./Drivers/STM32G4xx_HAL_Driver/Src/stm32g4xx_hal.o
 .debug_line    0x0000310e      0xd2c ./Drivers/STM32G4xx_HAL_Driver/Src/stm32g4xx_hal_cortex.o
 .debug_line    0x00003e3a      0xd78 ./Drivers/STM32G4xx_HAL_Driver/Src/stm32g4xx_hal_dac.o
 .debug_line    0x00004bb2      0xbdc ./Drivers/STM32G4xx_HAL_Driver/Src/stm32g4xx_hal_gpio.o
 .debug_line    0x0000578e      0xd32 ./Drivers/STM32G4xx_HAL_Driver/Src/stm32g4xx_hal_pwr_ex.o
 .debug_line    0x000064c0      0xf8e ./Drivers/STM32G4xx_HAL_Driver/Src/stm32g4xx_hal_rcc.o
 .debug_line    0x0000744e     0x125e ./Drivers/STM32G4xx_HAL_Driver/Src/stm32g4xx_hal_rcc_ex.o
 .debug_line    0x000086ac     0x4039 ./Drivers/STM32G4xx_HAL_Driver/Src/stm32g4xx_hal_tim.o
 .debug_line    0x0000c6e5     0x2154 ./Drivers/STM32G4xx_HAL_Driver/Src/stm32g4xx_hal_tim_ex.o
 .debug_line    0x0000e839     0x3c37 ./Drivers/STM32G4xx_HAL_Driver/Src/stm32g4xx_hal_uart.o
 .debug_line    0x00012470      0xde9 ./Drivers/STM32G4xx_HAL_Driver/Src/stm32g4xx_hal_uart_ex.o

.debug_str      0x00000000    0xcf85b
 .debug_str     0x00000000    0xcb453 ./Core/Src/main.o
                              0xcb864 (size before relaxing)
 .debug_str     0x000cb453      0x2c4 ./Core/Src/stm32g4xx_hal_msp.o
                              0xc7df1 (size before relaxing)
 .debug_str     0x000cb717      0x123 ./Core/Src/stm32g4xx_it.o
                              0xc7145 (size before relaxing)
 .debug_str     0x000cb83a       0xdb ./Core/Src/system_stm32g4xx.o
                              0xc6ad0 (size before relaxing)
 .debug_str     0x000cb915       0x44 ./Core/Startup/startup_stm32g491retx.o
                                 0x7f (size before relaxing)
 .debug_str     0x000cb959      0x5d5 ./Drivers/STM32G4xx_HAL_Driver/Src/stm32g4xx_hal.o
                              0xc76db (size before relaxing)
 .debug_str     0x000cbf2e      0x31d ./Drivers/STM32G4xx_HAL_Driver/Src/stm32g4xx_hal_cortex.o
                              0xc735f (size before relaxing)
 .debug_str     0x000cc24b      0x2b8 ./Drivers/STM32G4xx_HAL_Driver/Src/stm32g4xx_hal_dac.o
                              0xc71a5 (size before relaxing)
 .debug_str     0x000cc503      0x10a ./Drivers/STM32G4xx_HAL_Driver/Src/stm32g4xx_hal_gpio.o
                              0xc6c5b (size before relaxing)
 .debug_str     0x000cc60d      0x495 ./Drivers/STM32G4xx_HAL_Driver/Src/stm32g4xx_hal_pwr_ex.o
                              0xc6fbe (size before relaxing)
 .debug_str     0x000ccaa2      0x4cc ./Drivers/STM32G4xx_HAL_Driver/Src/stm32g4xx_hal_rcc.o
                              0xc71c9 (size before relaxing)
 .debug_str     0x000ccf6e      0x40b ./Drivers/STM32G4xx_HAL_Driver/Src/stm32g4xx_hal_rcc_ex.o
                              0xc7206 (size before relaxing)
 .debug_str     0x000cd379      0xf29 ./Drivers/STM32G4xx_HAL_Driver/Src/stm32g4xx_hal_tim.o
                              0xc7fce (size before relaxing)
 .debug_str     0x000ce2a2      0x985 ./Drivers/STM32G4xx_HAL_Driver/Src/stm32g4xx_hal_tim_ex.o
                              0xc7c42 (size before relaxing)
 .debug_str     0x000cec27      0x9d0 ./Drivers/STM32G4xx_HAL_Driver/Src/stm32g4xx_hal_uart.o
                              0xc7a8b (size before relaxing)
 .debug_str     0x000cf5f7      0x264 ./Drivers/STM32G4xx_HAL_Driver/Src/stm32g4xx_hal_uart_ex.o
                              0xc7289 (size before relaxing)

.comment        0x00000000       0x43
 .comment       0x00000000       0x43 ./Core/Src/main.o
                                 0x44 (size before relaxing)
 .comment       0x00000043       0x44 ./Core/Src/stm32g4xx_hal_msp.o
 .comment       0x00000043       0x44 ./Core/Src/stm32g4xx_it.o
 .comment       0x00000043       0x44 ./Core/Src/system_stm32g4xx.o
 .comment       0x00000043       0x44 ./Drivers/STM32G4xx_HAL_Driver/Src/stm32g4xx_hal.o
 .comment       0x00000043       0x44 ./Drivers/STM32G4xx_HAL_Driver/Src/stm32g4xx_hal_cortex.o
 .comment       0x00000043       0x44 ./Drivers/STM32G4xx_HAL_Driver/Src/stm32g4xx_hal_dac.o
 .comment       0x00000043       0x44 ./Drivers/STM32G4xx_HAL_Driver/Src/stm32g4xx_hal_gpio.o
 .comment       0x00000043       0x44 ./Drivers/STM32G4xx_HAL_Driver/Src/stm32g4xx_hal_pwr_ex.o
 .comment       0x00000043       0x44 ./Drivers/STM32G4xx_HAL_Driver/Src/stm32g4xx_hal_rcc.o
 .comment       0x00000043       0x44 ./Drivers/STM32G4xx_HAL_Driver/Src/stm32g4xx_hal_rcc_ex.o
 .comment       0x00000043       0x44 ./Drivers/STM32G4xx_HAL_Driver/Src/stm32g4xx_hal_tim.o
 .comment       0x00000043       0x44 ./Drivers/STM32G4xx_HAL_Driver/Src/stm32g4xx_hal_tim_ex.o
 .comment       0x00000043       0x44 ./Drivers/STM32G4xx_HAL_Driver/Src/stm32g4xx_hal_uart.o
 .comment       0x00000043       0x44 ./Drivers/STM32G4xx_HAL_Driver/Src/stm32g4xx_hal_uart_ex.o

.debug_frame    0x00000000     0x4658
 .debug_frame   0x00000000      0x130 ./Core/Src/main.o
 .debug_frame   0x00000130      0x110 ./Core/Src/stm32g4xx_hal_msp.o
 .debug_frame   0x00000240      0x13c ./Core/Src/stm32g4xx_it.o
 .debug_frame   0x0000037c       0x58 ./Core/Src/system_stm32g4xx.o
 .debug_frame   0x000003d4      0x500 ./Drivers/STM32G4xx_HAL_Driver/Src/stm32g4xx_hal.o
 .debug_frame   0x000008d4      0x498 ./Drivers/STM32G4xx_HAL_Driver/Src/stm32g4xx_hal_cortex.o
 .debug_frame   0x00000d6c      0x338 ./Drivers/STM32G4xx_HAL_Driver/Src/stm32g4xx_hal_dac.o
 .debug_frame   0x000010a4      0x14c ./Drivers/STM32G4xx_HAL_Driver/Src/stm32g4xx_hal_gpio.o
 .debug_frame   0x000011f0      0x4fc ./Drivers/STM32G4xx_HAL_Driver/Src/stm32g4xx_hal_pwr_ex.o
 .debug_frame   0x000016ec      0x23c ./Drivers/STM32G4xx_HAL_Driver/Src/stm32g4xx_hal_rcc.o
 .debug_frame   0x00001928      0x2ac ./Drivers/STM32G4xx_HAL_Driver/Src/stm32g4xx_hal_rcc_ex.o
 .debug_frame   0x00001bd4     0x121c ./Drivers/STM32G4xx_HAL_Driver/Src/stm32g4xx_hal_tim.o
 .debug_frame   0x00002df0      0xa68 ./Drivers/STM32G4xx_HAL_Driver/Src/stm32g4xx_hal_tim_ex.o
 .debug_frame   0x00003858      0xa94 ./Drivers/STM32G4xx_HAL_Driver/Src/stm32g4xx_hal_uart.o
 .debug_frame   0x000042ec      0x2c0 ./Drivers/STM32G4xx_HAL_Driver/Src/stm32g4xx_hal_uart_ex.o
 .debug_frame   0x000045ac       0x20 C:/ST/STM32CubeIDE_1.15.1/STM32CubeIDE/plugins/com.st.stm32cube.ide.mcu.externaltools.gnu-tools-for-stm32.12.3.rel1.win32_1.0.100.202403111256/tools/bin/../lib/gcc/arm-none-eabi/12.3.1/../../../../arm-none-eabi/lib/thumb/v7e-m+fp/hard\libc_nano.a(libc_a-memset.o)
 .debug_frame   0x000045cc       0x2c C:/ST/STM32CubeIDE_1.15.1/STM32CubeIDE/plugins/com.st.stm32cube.ide.mcu.externaltools.gnu-tools-for-stm32.12.3.rel1.win32_1.0.100.202403111256/tools/bin/../lib/gcc/arm-none-eabi/12.3.1/../../../../arm-none-eabi/lib/thumb/v7e-m+fp/hard\libc_nano.a(libc_a-init.o)
 .debug_frame   0x000045f8       0x2c C:/ST/STM32CubeIDE_1.15.1/STM32CubeIDE/plugins/com.st.stm32cube.ide.mcu.externaltools.gnu-tools-for-stm32.12.3.rel1.win32_1.0.100.202403111256/tools/bin/../lib/gcc/arm-none-eabi/12.3.1/thumb/v7e-m+fp/hard\libgcc.a(_aeabi_uldivmod.o)
 .debug_frame   0x00004624       0x34 C:/ST/STM32CubeIDE_1.15.1/STM32CubeIDE/plugins/com.st.stm32cube.ide.mcu.externaltools.gnu-tools-for-stm32.12.3.rel1.win32_1.0.100.202403111256/tools/bin/../lib/gcc/arm-none-eabi/12.3.1/thumb/v7e-m+fp/hard\libgcc.a(_udivmoddi4.o)

.debug_line_str
                0x00000000       0x63
 .debug_line_str
                0x00000000       0x63 ./Core/Startup/startup_stm32g491retx.o
